0001                         ;
0002                         ;	Example of Application Cartridge for ReadBoard 6809
0003                         ;	Created:	2012/09/04	Laurent68k
0004                         ;	Updated:	2013/03/22
0005                         ;
0006                         ;
0007                         ;	CCR:	7 6 5 4 3 2 1 0
0008                         ;			E F H I N Z V C
0009                         
0010                         ;	----------------------------------------------------------------------------------------------------
0011                         
0012 e000                    MonitorStart		equ		$E000
0013                         ;	----------------------------------------------------------------------------------------------------
0014                         ;	Offsets in ROM header
0015 0002                    CPUCode				equ		2
0016 0006                    Version				equ		6
0017 0008                    Date				equ		8
0018 000c                    OffTableRoutines	equ		12
0019                         ;	----------------------------------------------------------------------------------------------------
0020                         ;	Offsets of subroutines in functions's Monitor
0021 0000                    PutChar				equ		0
0022 0002                    PutHexChar			equ		PutChar+2
0023 0004                    GetChar				equ		PutHexChar+2
0024 0006                    GetCharUntil		equ		GetChar+2
0025 0008                    WriteHexByte		equ		GetCharUntil+2
0026 000a                    WriteBinByte		equ		WriteHexByte+2
0027 000c                    WriteString			equ		WriteBinByte+2
0028 000e                    ReadString			equ		WriteString+2
0029 0010                    ReadHexFromString	equ		ReadString+2
0030                         ;	----------------------------------------------------------------------------------------------------
0031                         
0032 0400                    					org		$400		
0033                         			
0034 0400 10 8e e0 00        Main:				ldy		#MonitorStart                   ;   find adr of functions table
0035 0404 10 ae 2c                               ldy     OffTableRoutines,y              ;   Y = @ of functions table
0036 0407 10 ae 2c                               ldy     WriteString,y                	;   add offset to point WriteString
0037                         
0038 040a 8e 04 10           					ldx		#STRExample00					;	string to display
0039 040d ad a4              					jsr     0,y						
0040                         
0041 040f 39                 					rts
0042                         					
0043 0410 50 72 6f 67 72 61  STRExample00		fcc     "Program Example started\015\012\0"					
     6d 20 45 78 61 6d
     70 6c 65 20 73 74
     61 72 74 65 64 0d
     0a 00
0044                         
0045                         				
